// Jest Snapshot v1, https://goo.gl/fbAQLP

exports[`<Search /> Renders a search page 1`] = `ShallowWrapper {}`;
